[ 2026-04-13 00:21:56,962 ] root -INFO - Data  Ingestion initialized with config DataIngestionConfig(data_ingestion_dir='artifact\\2026-04-13_00-21-55\\data_ingestion', training_file_path='artifact\\2026-04-13_00-21-55\\data_ingestion\\data_ingested\\train.csv', testing_file_path='artifact\\2026-04-13_00-21-55\\data_ingestion\\data_ingested\\test.csv')
[ 2026-04-13 00:21:56,962 ] root -INFO - Starting the data ingestion process from the DB...
[ 2026-04-13 00:21:57,035 ] root -INFO - Data of (1000, 5) rows and columns successfully loaded from the database...
[ 2026-04-13 00:21:57,037 ] root -INFO - Train Test splitting mechanism successfully done.
[ 2026-04-13 00:21:57,071 ] root -INFO - Data succesfully splitted into artifact directory..
[ 2026-04-13 00:21:58,185 ] asyncio -DEBUG - Using proactor: IocpProactor
[ 2026-04-13 00:22:00,021 ] asyncio -DEBUG - Using proactor: IocpProactor
[ 2026-04-13 00:22:00,068 ] root -INFO - ======Entered the start_data_ingestion method of TrainPipeline class======
[ 2026-04-13 00:22:00,068 ] root -INFO - Getting the data from notebooks
[ 2026-04-13 00:22:00,068 ] root -INFO - Data  Ingestion initialized with config DataIngestionConfig(data_ingestion_dir='artifact\\2026-04-13_00-21-55\\data_ingestion', training_file_path='artifact\\2026-04-13_00-21-55\\data_ingestion\\data_ingested\\train.csv', testing_file_path='artifact\\2026-04-13_00-21-55\\data_ingestion\\data_ingested\\test.csv')
[ 2026-04-13 00:22:00,068 ] root -INFO - Starting the data ingestion process from the DB...
[ 2026-04-13 00:22:00,078 ] root -INFO - Data of (1000, 5) rows and columns successfully loaded from the database...
[ 2026-04-13 00:22:00,079 ] root -INFO - Train Test splitting mechanism successfully done.
[ 2026-04-13 00:22:00,085 ] root -INFO - Data succesfully splitted into artifact directory..
[ 2026-04-13 00:22:00,085 ] root -INFO - Got the train_set and test_set from feature store
[ 2026-04-13 00:22:00,085 ] root -INFO - Exited the start_data_ingestion method of TrainPipeline class
[ 2026-04-13 00:22:00,085 ] root -INFO - ======Entered the start_data_validation method of TrainPipeline class======
[ 2026-04-13 00:22:00,088 ] root -INFO - Starting data validation
[ 2026-04-13 00:22:00,114 ] root -INFO - Is required column present: [True]
[ 2026-04-13 00:22:00,115 ] root -INFO - All required columns present in training dataframe: True
[ 2026-04-13 00:22:00,115 ] root -INFO - Is required column present: [True]
[ 2026-04-13 00:22:00,115 ] root -INFO - All required columns present in testing dataframe: True
