[ 2026-04-13 00:33:13,703 ] root -INFO - Data  Ingestion initialized with config DataIngestionConfig(data_ingestion_dir='artifact\\2026-04-13_00-33-04\\data_ingestion', training_file_path='artifact\\2026-04-13_00-33-04\\data_ingestion\\data_ingested\\train.csv', testing_file_path='artifact\\2026-04-13_00-33-04\\data_ingestion\\data_ingested\\test.csv')
[ 2026-04-13 00:33:13,712 ] root -INFO - Starting the data ingestion process from the DB...
[ 2026-04-13 00:33:14,060 ] root -INFO - Data of (1000, 5) rows and columns successfully loaded from the database...
[ 2026-04-13 00:33:14,100 ] root -INFO - Train Test splitting mechanism successfully done.
[ 2026-04-13 00:33:14,119 ] root -INFO - Data succesfully splitted into artifact directory..
[ 2026-04-13 00:33:18,188 ] asyncio -DEBUG - Using proactor: IocpProactor
[ 2026-04-13 00:33:21,303 ] asyncio -DEBUG - Using proactor: IocpProactor
[ 2026-04-13 00:33:21,462 ] root -INFO - ======Entered the start_data_ingestion method of TrainPipeline class======
[ 2026-04-13 00:33:21,463 ] root -INFO - Getting the data from notebooks
[ 2026-04-13 00:33:21,463 ] root -INFO - Data  Ingestion initialized with config DataIngestionConfig(data_ingestion_dir='artifact\\2026-04-13_00-33-04\\data_ingestion', training_file_path='artifact\\2026-04-13_00-33-04\\data_ingestion\\data_ingested\\train.csv', testing_file_path='artifact\\2026-04-13_00-33-04\\data_ingestion\\data_ingested\\test.csv')
[ 2026-04-13 00:33:21,463 ] root -INFO - Starting the data ingestion process from the DB...
[ 2026-04-13 00:33:21,474 ] root -INFO - Data of (1000, 5) rows and columns successfully loaded from the database...
[ 2026-04-13 00:33:21,475 ] root -INFO - Train Test splitting mechanism successfully done.
[ 2026-04-13 00:33:21,484 ] root -INFO - Data succesfully splitted into artifact directory..
[ 2026-04-13 00:33:21,484 ] root -INFO - Got the train_set and test_set from feature store
[ 2026-04-13 00:33:21,484 ] root -INFO - Exited the start_data_ingestion method of TrainPipeline class
[ 2026-04-13 00:33:21,484 ] root -INFO - ======Entered the start_data_validation method of TrainPipeline class======
[ 2026-04-13 00:33:21,487 ] root -INFO - Starting data validation
[ 2026-04-13 00:33:21,538 ] root -INFO - Is required column present: [True]
[ 2026-04-13 00:33:21,538 ] root -INFO - All required columns present in training dataframe: True
[ 2026-04-13 00:33:21,538 ] root -INFO - Is required column present: [True]
[ 2026-04-13 00:33:21,538 ] root -INFO - All required columns present in testing dataframe: True
