[ 2026-04-19 19:47:14,131 ] root -INFO - Data  Ingestion initialized with config DataIngestionConfig(data_ingestion_dir='artifact\\2026-04-19_19-47-12\\data_ingestion', training_file_path='artifact\\2026-04-19_19-47-12\\data_ingestion\\data_ingested\\train.csv', testing_file_path='artifact\\2026-04-19_19-47-12\\data_ingestion\\data_ingested\\test.csv')
[ 2026-04-19 19:47:14,231 ] root -INFO - Starting the data ingestion process from the DB...
[ 2026-04-19 19:47:14,350 ] root -INFO - Data of (1000, 5) rows and columns successfully loaded from the database...
[ 2026-04-19 19:47:14,351 ] root -INFO - Train Test splitting mechanism successfully done.
[ 2026-04-19 19:47:14,360 ] root -INFO - Data succesfully splitted into artifact directory..
[ 2026-04-19 19:47:16,137 ] asyncio -DEBUG - Using proactor: IocpProactor
[ 2026-04-19 19:47:18,038 ] asyncio -DEBUG - Using proactor: IocpProactor
[ 2026-04-19 19:47:18,087 ] root -INFO - ======Entered the start_data_ingestion method of TrainPipeline class======
[ 2026-04-19 19:47:18,087 ] root -INFO - Getting the data from notebooks
[ 2026-04-19 19:47:18,087 ] root -INFO - Data  Ingestion initialized with config DataIngestionConfig(data_ingestion_dir='artifact\\2026-04-19_19-47-12\\data_ingestion', training_file_path='artifact\\2026-04-19_19-47-12\\data_ingestion\\data_ingested\\train.csv', testing_file_path='artifact\\2026-04-19_19-47-12\\data_ingestion\\data_ingested\\test.csv')
[ 2026-04-19 19:47:18,087 ] root -INFO - Starting the data ingestion process from the DB...
[ 2026-04-19 19:47:18,096 ] root -INFO - Data of (1000, 5) rows and columns successfully loaded from the database...
[ 2026-04-19 19:47:18,097 ] root -INFO - Train Test splitting mechanism successfully done.
[ 2026-04-19 19:47:18,105 ] root -INFO - Data succesfully splitted into artifact directory..
[ 2026-04-19 19:47:18,105 ] root -INFO - Got the train_set and test_set from feature store
[ 2026-04-19 19:47:18,105 ] root -INFO - Exited the start_data_ingestion method of TrainPipeline class
[ 2026-04-19 19:47:18,105 ] root -INFO - ======Entered the start_data_validation method of TrainPipeline class======
[ 2026-04-19 19:47:18,110 ] root -INFO - Starting data validation
[ 2026-04-19 19:47:18,141 ] root -INFO - Is required column present: [True]
[ 2026-04-19 19:47:18,141 ] root -INFO - All required columns present in training dataframe: True
[ 2026-04-19 19:47:18,141 ] root -INFO - Is required column present: [True]
[ 2026-04-19 19:47:18,142 ] root -INFO - All required columns present in testing dataframe: True
[ 2026-04-19 19:47:18,142 ] root -INFO - drift Started..
