[ 2026-04-19 20:00:07,082 ] root -INFO - Data  Ingestion initialized with config DataIngestionConfig(data_ingestion_dir='artifact\\2026-04-19_20-00-05\\data_ingestion', training_file_path='artifact\\2026-04-19_20-00-05\\data_ingestion\\data_ingested\\train.csv', testing_file_path='artifact\\2026-04-19_20-00-05\\data_ingestion\\data_ingested\\test.csv')
[ 2026-04-19 20:00:07,083 ] root -INFO - Starting the data ingestion process from the DB...
[ 2026-04-19 20:00:07,164 ] root -INFO - Data of (1000, 5) rows and columns successfully loaded from the database...
[ 2026-04-19 20:00:07,168 ] root -INFO - Train Test splitting mechanism successfully done.
[ 2026-04-19 20:00:07,189 ] root -INFO - Data succesfully splitted into artifact directory..
[ 2026-04-19 20:00:08,836 ] asyncio -DEBUG - Using proactor: IocpProactor
[ 2026-04-19 20:00:10,886 ] asyncio -DEBUG - Using proactor: IocpProactor
[ 2026-04-19 20:00:10,936 ] root -INFO - ======Entered the start_data_ingestion method of TrainPipeline class======
[ 2026-04-19 20:00:10,936 ] root -INFO - Getting the data from notebooks
[ 2026-04-19 20:00:10,936 ] root -INFO - Data  Ingestion initialized with config DataIngestionConfig(data_ingestion_dir='artifact\\2026-04-19_20-00-05\\data_ingestion', training_file_path='artifact\\2026-04-19_20-00-05\\data_ingestion\\data_ingested\\train.csv', testing_file_path='artifact\\2026-04-19_20-00-05\\data_ingestion\\data_ingested\\test.csv')
[ 2026-04-19 20:00:10,936 ] root -INFO - Starting the data ingestion process from the DB...
[ 2026-04-19 20:00:10,945 ] root -INFO - Data of (1000, 5) rows and columns successfully loaded from the database...
[ 2026-04-19 20:00:10,946 ] root -INFO - Train Test splitting mechanism successfully done.
[ 2026-04-19 20:00:10,953 ] root -INFO - Data succesfully splitted into artifact directory..
[ 2026-04-19 20:00:10,953 ] root -INFO - Got the train_set and test_set from feature store
[ 2026-04-19 20:00:10,953 ] root -INFO - Exited the start_data_ingestion method of TrainPipeline class
[ 2026-04-19 20:00:10,953 ] root -INFO - ======Entered the start_data_validation method of TrainPipeline class======
[ 2026-04-19 20:00:10,956 ] root -INFO - Starting data validation
[ 2026-04-19 20:00:10,985 ] root -INFO - Is required column present: [True]
[ 2026-04-19 20:00:10,985 ] root -INFO - All required columns present in training dataframe: True
[ 2026-04-19 20:00:10,985 ] root -INFO - Is required column present: [True]
[ 2026-04-19 20:00:10,985 ] root -INFO - All required columns present in testing dataframe: True
[ 2026-04-19 20:00:10,985 ] root -INFO - drift Started..
[ 2026-04-19 20:00:12,252 ] root -INFO - 0/5 columns drifted (share=0.5). Dataset drift: False
[ 2026-04-19 20:00:12,253 ] root -INFO - drift ended..
[ 2026-04-19 20:00:12,253 ] root -INFO - Data validation artifact: DataValidationArtifact(validation_status=True, message='Drift not detected', drift_report_file_path='artifact\\2026-04-19_20-00-05\\data_validation\\drift_report\\drift_report.yaml')
[ 2026-04-19 20:00:12,253 ] root -INFO - Performed the data validation operation
[ 2026-04-19 20:00:12,253 ] root -INFO - Exited the start_data_validation method of TrainPipeline class
